[0.360s] Invoking command in '/home/louise/Development/wave_rover_gazebo_ws/build/wave_rover_description': CMAKE_PREFIX_PATH=${CMAKE_PREFIX_PATH}:/home/louise/Development/wave_rover_gazebo_ws/install/test_box_launch:/home/louise/Development/wave_rover_gazebo_ws/install/launch_sim:/opt/ros/humble /usr/bin/cmake /home/louise/Development/wave_rover_gazebo_ws/src/wave_rover_description -DCMAKE_INSTALL_PREFIX=/home/louise/Development/wave_rover_gazebo_ws/install/wave_rover_description
[0.401s] -- The C compiler identification is GNU 11.4.0
[0.445s] -- The CXX compiler identification is GNU 11.4.0
[0.453s] -- Detecting C compiler ABI info
[0.507s] -- Detecting C compiler ABI info - done
[0.512s] -- Check for working C compiler: /usr/bin/cc - skipped
[0.512s] -- Detecting C compile features
[0.513s] -- Detecting C compile features - done
[0.515s] -- Detecting CXX compiler ABI info
[0.580s] -- Detecting CXX compiler ABI info - done
[0.585s] -- Check for working CXX compiler: /usr/bin/c++ - skipped
[0.585s] -- Detecting CXX compile features
[0.586s] -- Detecting CXX compile features - done
[0.588s] -- Found ament_cmake: 1.3.11 (/opt/ros/humble/share/ament_cmake/cmake)
[0.703s] -- Found Python3: /usr/bin/python3 (found version "3.10.12") found components: Interpreter 
[0.770s] -- Found ament_lint_auto: 0.12.12 (/opt/ros/humble/share/ament_lint_auto/cmake)
[0.840s] -- Added test 'cppcheck' to perform static code analysis on C / C++ code
[0.840s] -- Configured cppcheck include dirs: 
[0.840s] -- Configured cppcheck exclude dirs and/or files: 
[0.842s] -- Added test 'flake8' to check Python code syntax and style conventions
[0.846s] -- Added test 'lint_cmake' to check CMake code style
[0.848s] -- Added test 'pep257' to check Python code against some of the docstring style conventions in PEP 257
[0.862s] -- Added test 'uncrustify' to check C / C++ code style
[0.862s] -- Configured uncrustify additional arguments: 
[0.864s] -- Added test 'xmllint' to check XML markup files
[0.865s] -- Configuring done
[0.868s] -- Generating done
[0.869s] -- Build files have been written to: /home/louise/Development/wave_rover_gazebo_ws/build/wave_rover_description
[0.889s] Invoked command in '/home/louise/Development/wave_rover_gazebo_ws/build/wave_rover_description' returned '0': CMAKE_PREFIX_PATH=${CMAKE_PREFIX_PATH}:/home/louise/Development/wave_rover_gazebo_ws/install/test_box_launch:/home/louise/Development/wave_rover_gazebo_ws/install/launch_sim:/opt/ros/humble /usr/bin/cmake /home/louise/Development/wave_rover_gazebo_ws/src/wave_rover_description -DCMAKE_INSTALL_PREFIX=/home/louise/Development/wave_rover_gazebo_ws/install/wave_rover_description
[0.890s] Invoking command in '/home/louise/Development/wave_rover_gazebo_ws/build/wave_rover_description': CMAKE_PREFIX_PATH=${CMAKE_PREFIX_PATH}:/home/louise/Development/wave_rover_gazebo_ws/install/test_box_launch:/home/louise/Development/wave_rover_gazebo_ws/install/launch_sim:/opt/ros/humble /usr/bin/cmake --build /home/louise/Development/wave_rover_gazebo_ws/build/wave_rover_description -- -j16 -l16
[0.923s] Invoked command in '/home/louise/Development/wave_rover_gazebo_ws/build/wave_rover_description' returned '0': CMAKE_PREFIX_PATH=${CMAKE_PREFIX_PATH}:/home/louise/Development/wave_rover_gazebo_ws/install/test_box_launch:/home/louise/Development/wave_rover_gazebo_ws/install/launch_sim:/opt/ros/humble /usr/bin/cmake --build /home/louise/Development/wave_rover_gazebo_ws/build/wave_rover_description -- -j16 -l16
[0.924s] Invoking command in '/home/louise/Development/wave_rover_gazebo_ws/build/wave_rover_description': CMAKE_PREFIX_PATH=${CMAKE_PREFIX_PATH}:/home/louise/Development/wave_rover_gazebo_ws/install/test_box_launch:/home/louise/Development/wave_rover_gazebo_ws/install/launch_sim:/opt/ros/humble /usr/bin/cmake --install /home/louise/Development/wave_rover_gazebo_ws/build/wave_rover_description
[0.930s] -- Install configuration: ""
[0.930s] -- Installing: /home/louise/Development/wave_rover_gazebo_ws/install/wave_rover_description/share/wave_rover_description/meshes
[0.930s] -- Installing: /home/louise/Development/wave_rover_gazebo_ws/install/wave_rover_description/share/wave_rover_description/meshes/realsense_bracket.stl
[0.930s] -- Installing: /home/louise/Development/wave_rover_gazebo_ws/install/wave_rover_description/share/wave_rover_description/meshes/roverbody.stl
[0.948s] -- Installing: /home/louise/Development/wave_rover_gazebo_ws/install/wave_rover_description/share/wave_rover_description/meshes/d435.dae
[0.967s] -- Installing: /home/louise/Development/wave_rover_gazebo_ws/install/wave_rover_description/share/wave_rover_description/meshes/back_right_wheel.stl
[0.969s] -- Installing: /home/louise/Development/wave_rover_gazebo_ws/install/wave_rover_description/share/wave_rover_description/meshes/d435.stl
[0.979s] -- Installing: /home/louise/Development/wave_rover_gazebo_ws/install/wave_rover_description/share/wave_rover_description/meshes/realsense_camera.stl
[0.989s] -- Installing: /home/louise/Development/wave_rover_gazebo_ws/install/wave_rover_description/share/wave_rover_description/meshes/front_right_wheel.stl
[0.991s] -- Installing: /home/louise/Development/wave_rover_gazebo_ws/install/wave_rover_description/share/wave_rover_description/meshes/rover_body.stl
[1.007s] -- Installing: /home/louise/Development/wave_rover_gazebo_ws/install/wave_rover_description/share/wave_rover_description/meshes/rightside_wheel.stl
[1.009s] -- Installing: /home/louise/Development/wave_rover_gazebo_ws/install/wave_rover_description/share/wave_rover_description/meshes/front_left_wheel.stl
[1.011s] -- Installing: /home/louise/Development/wave_rover_gazebo_ws/install/wave_rover_description/share/wave_rover_description/meshes/Old
[1.011s] -- Installing: /home/louise/Development/wave_rover_gazebo_ws/install/wave_rover_description/share/wave_rover_description/meshes/Old/older
[1.011s] -- Installing: /home/louise/Development/wave_rover_gazebo_ws/install/wave_rover_description/share/wave_rover_description/meshes/Old/older/rover_body.stl
[1.027s] -- Installing: /home/louise/Development/wave_rover_gazebo_ws/install/wave_rover_description/share/wave_rover_description/meshes/Old/rover_body.stl
[1.027s] -- Installing: /home/louise/Development/wave_rover_gazebo_ws/install/wave_rover_description/share/wave_rover_description/meshes/Old/wave_rover_model.stl
[1.050s] -- Installing: /home/louise/Development/wave_rover_gazebo_ws/install/wave_rover_description/share/wave_rover_description/meshes/wave_rover_model.stl
[1.074s] -- Installing: /home/louise/Development/wave_rover_gazebo_ws/install/wave_rover_description/share/wave_rover_description/meshes/back_left_wheel.stl
[1.076s] -- Installing: /home/louise/Development/wave_rover_gazebo_ws/install/wave_rover_description/share/wave_rover_description/meshes/leftside_wheel.stl
[1.078s] -- Installing: /home/louise/Development/wave_rover_gazebo_ws/install/wave_rover_description/share/wave_rover_description/urdf
[1.078s] -- Installing: /home/louise/Development/wave_rover_gazebo_ws/install/wave_rover_description/share/wave_rover_description/urdf/rover_fortress.urdf.xacro
[1.078s] -- Installing: /home/louise/Development/wave_rover_gazebo_ws/install/wave_rover_description/share/wave_rover_description/urdf/rover_fortress.gazebo
[1.078s] -- Installing: /home/louise/Development/wave_rover_gazebo_ws/install/wave_rover_description/share/wave_rover_description/urdf/wave_rover.urdf.xacro
[1.079s] -- Installing: /home/louise/Development/wave_rover_gazebo_ws/install/wave_rover_description/share/wave_rover_description/urdf/rover.urdf.xacro
[1.079s] -- Installing: /home/louise/Development/wave_rover_gazebo_ws/install/wave_rover_description/share/wave_rover_description/urdf/rover.urdf
[1.079s] -- Installing: /home/louise/Development/wave_rover_gazebo_ws/install/wave_rover_description/share/wave_rover_description/urdf/wave_rover.config
[1.079s] -- Installing: /home/louise/Development/wave_rover_gazebo_ws/install/wave_rover_description/share/wave_rover_description/urdf/wave_rover.sdf
[1.079s] -- Installing: /home/louise/Development/wave_rover_gazebo_ws/install/wave_rover_description/share/wave_rover_description/urdf/rover.gazebo
[1.079s] -- Installing: /home/louise/Development/wave_rover_gazebo_ws/install/wave_rover_description/share/wave_rover_description/urdf/rover_fortress_corrected.gazebo
[1.079s] -- Installing: /home/louise/Development/wave_rover_gazebo_ws/install/wave_rover_description/share/wave_rover_description/urdf/wave_rover.urdf
[1.079s] -- Installing: /home/louise/Development/wave_rover_gazebo_ws/install/wave_rover_description/share/wave_rover_description/urdf/old
[1.079s] -- Installing: /home/louise/Development/wave_rover_gazebo_ws/install/wave_rover_description/share/wave_rover_description/urdf/old/wave_rover.sdf
[1.079s] -- Installing: /home/louise/Development/wave_rover_gazebo_ws/install/wave_rover_description/share/wave_rover_description/urdf/out.urdf
[1.079s] -- Installing: /home/louise/Development/wave_rover_gazebo_ws/install/wave_rover_description/share/wave_rover_description/launch
[1.080s] -- Installing: /home/louise/Development/wave_rover_gazebo_ws/install/wave_rover_description/share/wave_rover_description/launch/display.launch.py
[1.080s] -- Installing: /home/louise/Development/wave_rover_gazebo_ws/install/wave_rover_description/share/wave_rover_description/launch/display_box.launch.py
[1.080s] -- Installing: /home/louise/Development/wave_rover_gazebo_ws/install/wave_rover_description/share/wave_rover_description/models
[1.080s] -- Installing: /home/louise/Development/wave_rover_gazebo_ws/install/wave_rover_description/share/wave_rover_description/models/cone_blue
[1.080s] -- Installing: /home/louise/Development/wave_rover_gazebo_ws/install/wave_rover_description/share/wave_rover_description/models/cone_blue/meshes
[1.080s] -- Installing: /home/louise/Development/wave_rover_gazebo_ws/install/wave_rover_description/share/wave_rover_description/models/cone_blue/meshes/cone.stl
[1.080s] -- Installing: /home/louise/Development/wave_rover_gazebo_ws/install/wave_rover_description/share/wave_rover_description/models/cone_blue/model.config
[1.080s] -- Installing: /home/louise/Development/wave_rover_gazebo_ws/install/wave_rover_description/share/wave_rover_description/models/cone_blue/model.sdf
[1.080s] -- Installing: /home/louise/Development/wave_rover_gazebo_ws/install/wave_rover_description/share/wave_rover_description/models/cone_yellow
[1.081s] -- Installing: /home/louise/Development/wave_rover_gazebo_ws/install/wave_rover_description/share/wave_rover_description/models/cone_yellow/meshes
[1.081s] -- Installing: /home/louise/Development/wave_rover_gazebo_ws/install/wave_rover_description/share/wave_rover_description/models/cone_yellow/meshes/cone.stl
[1.081s] -- Installing: /home/louise/Development/wave_rover_gazebo_ws/install/wave_rover_description/share/wave_rover_description/models/cone_yellow/model.config
[1.081s] -- Installing: /home/louise/Development/wave_rover_gazebo_ws/install/wave_rover_description/share/wave_rover_description/models/cone_yellow/model.sdf
[1.081s] -- Installing: /home/louise/Development/wave_rover_gazebo_ws/install/wave_rover_description/share/wave_rover_description/models/cone_orange
[1.081s] -- Installing: /home/louise/Development/wave_rover_gazebo_ws/install/wave_rover_description/share/wave_rover_description/models/cone_orange/meshes
[1.081s] -- Installing: /home/louise/Development/wave_rover_gazebo_ws/install/wave_rover_description/share/wave_rover_description/models/cone_orange/meshes/cone.stl
[1.082s] -- Installing: /home/louise/Development/wave_rover_gazebo_ws/install/wave_rover_description/share/wave_rover_description/models/cone_orange/model.config
[1.082s] -- Installing: /home/louise/Development/wave_rover_gazebo_ws/install/wave_rover_description/share/wave_rover_description/models/cone_orange/model.sdf
[1.082s] -- Installing: /home/louise/Development/wave_rover_gazebo_ws/install/wave_rover_description/share/wave_rover_description/models/cone_red
[1.082s] -- Installing: /home/louise/Development/wave_rover_gazebo_ws/install/wave_rover_description/share/wave_rover_description/models/cone_red/meshes
[1.082s] -- Installing: /home/louise/Development/wave_rover_gazebo_ws/install/wave_rover_description/share/wave_rover_description/models/cone_red/meshes/cone.stl
[1.083s] -- Installing: /home/louise/Development/wave_rover_gazebo_ws/install/wave_rover_description/share/wave_rover_description/models/cone_red/model.config
[1.083s] -- Installing: /home/louise/Development/wave_rover_gazebo_ws/install/wave_rover_description/share/wave_rover_description/models/cone_red/model.sdf
[1.083s] -- Installing: /home/louise/Development/wave_rover_gazebo_ws/install/wave_rover_description/share/wave_rover_description/worlds
[1.083s] -- Installing: /home/louise/Development/wave_rover_gazebo_ws/install/wave_rover_description/share/wave_rover_description/worlds/oasis_fortress.sdf
[1.083s] -- Installing: /home/louise/Development/wave_rover_gazebo_ws/install/wave_rover_description/share/wave_rover_description/worlds/small_circle.world
[1.084s] -- Installing: /home/louise/Development/wave_rover_gazebo_ws/install/wave_rover_description/share/wave_rover_description/worlds/small_track_bean.world
[1.084s] -- Installing: /home/louise/Development/wave_rover_gazebo_ws/install/wave_rover_description/share/wave_rover_description/worlds/oasis.world
[1.084s] -- Installing: /home/louise/Development/wave_rover_gazebo_ws/install/wave_rover_description/share/wave_rover_description/worlds/empty.world
[1.084s] -- Installing: /home/louise/Development/wave_rover_gazebo_ws/install/wave_rover_description/share/ament_index/resource_index/package_run_dependencies/wave_rover_description
[1.084s] -- Installing: /home/louise/Development/wave_rover_gazebo_ws/install/wave_rover_description/share/ament_index/resource_index/parent_prefix_path/wave_rover_description
[1.085s] -- Installing: /home/louise/Development/wave_rover_gazebo_ws/install/wave_rover_description/share/wave_rover_description/environment/ament_prefix_path.sh
[1.085s] -- Installing: /home/louise/Development/wave_rover_gazebo_ws/install/wave_rover_description/share/wave_rover_description/environment/ament_prefix_path.dsv
[1.085s] -- Installing: /home/louise/Development/wave_rover_gazebo_ws/install/wave_rover_description/share/wave_rover_description/environment/path.sh
[1.085s] -- Installing: /home/louise/Development/wave_rover_gazebo_ws/install/wave_rover_description/share/wave_rover_description/environment/path.dsv
[1.085s] -- Installing: /home/louise/Development/wave_rover_gazebo_ws/install/wave_rover_description/share/wave_rover_description/local_setup.bash
[1.085s] -- Installing: /home/louise/Development/wave_rover_gazebo_ws/install/wave_rover_description/share/wave_rover_description/local_setup.sh
[1.085s] -- Installing: /home/louise/Development/wave_rover_gazebo_ws/install/wave_rover_description/share/wave_rover_description/local_setup.zsh
[1.085s] -- Installing: /home/louise/Development/wave_rover_gazebo_ws/install/wave_rover_description/share/wave_rover_description/local_setup.dsv
[1.086s] -- Installing: /home/louise/Development/wave_rover_gazebo_ws/install/wave_rover_description/share/wave_rover_description/package.dsv
[1.086s] -- Installing: /home/louise/Development/wave_rover_gazebo_ws/install/wave_rover_description/share/ament_index/resource_index/packages/wave_rover_description
[1.086s] -- Installing: /home/louise/Development/wave_rover_gazebo_ws/install/wave_rover_description/share/wave_rover_description/cmake/wave_rover_descriptionConfig.cmake
[1.086s] -- Installing: /home/louise/Development/wave_rover_gazebo_ws/install/wave_rover_description/share/wave_rover_description/cmake/wave_rover_descriptionConfig-version.cmake
[1.086s] -- Installing: /home/louise/Development/wave_rover_gazebo_ws/install/wave_rover_description/share/wave_rover_description/package.xml
[1.089s] Invoked command in '/home/louise/Development/wave_rover_gazebo_ws/build/wave_rover_description' returned '0': CMAKE_PREFIX_PATH=${CMAKE_PREFIX_PATH}:/home/louise/Development/wave_rover_gazebo_ws/install/test_box_launch:/home/louise/Development/wave_rover_gazebo_ws/install/launch_sim:/opt/ros/humble /usr/bin/cmake --install /home/louise/Development/wave_rover_gazebo_ws/build/wave_rover_description
