[0.536s] Invoking command in '/home/louise/Development/wave_rover_gazebo_ws/build/wave_rover_description': CMAKE_PREFIX_PATH=${CMAKE_PREFIX_PATH}:/home/louise/Development/wave_rover_gazebo_ws/install/test_box_launch:/home/louise/Development/wave_rover_gazebo_ws/install/launch_sim:/opt/ros/humble /usr/bin/cmake /home/louise/Development/wave_rover_gazebo_ws/src/wave_rover_description -DCMAKE_INSTALL_PREFIX=/home/louise/Development/wave_rover_gazebo_ws/install/wave_rover_description
[0.601s] -- The C compiler identification is GNU 11.4.0
[0.659s] -- The CXX compiler identification is GNU 11.4.0
[0.667s] -- Detecting C compiler ABI info
[0.739s] -- Detecting C compiler ABI info - done
[0.746s] -- Check for working C compiler: /usr/bin/cc - skipped
[0.746s] -- Detecting C compile features
[0.747s] -- Detecting C compile features - done
[0.749s] -- Detecting CXX compiler ABI info
[0.833s] -- Detecting CXX compiler ABI info - done
[0.840s] -- Check for working CXX compiler: /usr/bin/c++ - skipped
[0.840s] -- Detecting CXX compile features
[0.840s] -- Detecting CXX compile features - done
[0.843s] -- Found ament_cmake: 1.3.11 (/opt/ros/humble/share/ament_cmake/cmake)
[1.004s] -- Found Python3: /usr/bin/python3 (found version "3.10.12") found components: Interpreter 
[1.106s] -- Found ament_lint_auto: 0.12.12 (/opt/ros/humble/share/ament_lint_auto/cmake)
[1.209s] -- Added test 'flake8' to check Python code syntax and style conventions
[1.209s] -- Added test 'lint_cmake' to check CMake code style
[1.209s] -- Added test 'pep257' to check Python code against some of the docstring style conventions in PEP 257
[1.216s] -- Added test 'xmllint' to check XML markup files
[1.218s] -- Configuring done
[1.221s] -- Generating done
[1.223s] -- Build files have been written to: /home/louise/Development/wave_rover_gazebo_ws/build/wave_rover_description
[1.229s] Invoked command in '/home/louise/Development/wave_rover_gazebo_ws/build/wave_rover_description' returned '0': CMAKE_PREFIX_PATH=${CMAKE_PREFIX_PATH}:/home/louise/Development/wave_rover_gazebo_ws/install/test_box_launch:/home/louise/Development/wave_rover_gazebo_ws/install/launch_sim:/opt/ros/humble /usr/bin/cmake /home/louise/Development/wave_rover_gazebo_ws/src/wave_rover_description -DCMAKE_INSTALL_PREFIX=/home/louise/Development/wave_rover_gazebo_ws/install/wave_rover_description
[1.230s] Invoking command in '/home/louise/Development/wave_rover_gazebo_ws/build/wave_rover_description': CMAKE_PREFIX_PATH=${CMAKE_PREFIX_PATH}:/home/louise/Development/wave_rover_gazebo_ws/install/test_box_launch:/home/louise/Development/wave_rover_gazebo_ws/install/launch_sim:/opt/ros/humble /usr/bin/cmake --build /home/louise/Development/wave_rover_gazebo_ws/build/wave_rover_description -- -j16 -l16
[1.273s] Invoked command in '/home/louise/Development/wave_rover_gazebo_ws/build/wave_rover_description' returned '0': CMAKE_PREFIX_PATH=${CMAKE_PREFIX_PATH}:/home/louise/Development/wave_rover_gazebo_ws/install/test_box_launch:/home/louise/Development/wave_rover_gazebo_ws/install/launch_sim:/opt/ros/humble /usr/bin/cmake --build /home/louise/Development/wave_rover_gazebo_ws/build/wave_rover_description -- -j16 -l16
[1.277s] Invoking command in '/home/louise/Development/wave_rover_gazebo_ws/build/wave_rover_description': CMAKE_PREFIX_PATH=${CMAKE_PREFIX_PATH}:/home/louise/Development/wave_rover_gazebo_ws/install/test_box_launch:/home/louise/Development/wave_rover_gazebo_ws/install/launch_sim:/opt/ros/humble /usr/bin/cmake --install /home/louise/Development/wave_rover_gazebo_ws/build/wave_rover_description
[1.286s] -- Install configuration: ""
[1.286s] -- Installing: /home/louise/Development/wave_rover_gazebo_ws/install/wave_rover_description/share/wave_rover_description/urdf/meshes
[1.286s] -- Installing: /home/louise/Development/wave_rover_gazebo_ws/install/wave_rover_description/share/wave_rover_description/urdf/meshes/realsense_bracket.stl
[1.286s] -- Installing: /home/louise/Development/wave_rover_gazebo_ws/install/wave_rover_description/share/wave_rover_description/urdf/meshes/roverbody.stl
[1.306s] -- Installing: /home/louise/Development/wave_rover_gazebo_ws/install/wave_rover_description/share/wave_rover_description/urdf/meshes/d435.dae
[1.331s] -- Installing: /home/louise/Development/wave_rover_gazebo_ws/install/wave_rover_description/share/wave_rover_description/urdf/meshes/back_right_wheel.stl
[1.333s] -- Installing: /home/louise/Development/wave_rover_gazebo_ws/install/wave_rover_description/share/wave_rover_description/urdf/meshes/d435.stl
[1.346s] -- Installing: /home/louise/Development/wave_rover_gazebo_ws/install/wave_rover_description/share/wave_rover_description/urdf/meshes/realsense_camera.stl
[1.359s] -- Installing: /home/louise/Development/wave_rover_gazebo_ws/install/wave_rover_description/share/wave_rover_description/urdf/meshes/front_right_wheel.stl
[1.362s] -- Installing: /home/louise/Development/wave_rover_gazebo_ws/install/wave_rover_description/share/wave_rover_description/urdf/meshes/rover_body.stl
[1.382s] -- Installing: /home/louise/Development/wave_rover_gazebo_ws/install/wave_rover_description/share/wave_rover_description/urdf/meshes/rightside_wheel.stl
[1.384s] -- Installing: /home/louise/Development/wave_rover_gazebo_ws/install/wave_rover_description/share/wave_rover_description/urdf/meshes/front_left_wheel.stl
[1.386s] -- Installing: /home/louise/Development/wave_rover_gazebo_ws/install/wave_rover_description/share/wave_rover_description/urdf/meshes/Old
[1.387s] -- Installing: /home/louise/Development/wave_rover_gazebo_ws/install/wave_rover_description/share/wave_rover_description/urdf/meshes/Old/older
[1.387s] -- Installing: /home/louise/Development/wave_rover_gazebo_ws/install/wave_rover_description/share/wave_rover_description/urdf/meshes/Old/older/rover_body.stl
[1.405s] -- Installing: /home/louise/Development/wave_rover_gazebo_ws/install/wave_rover_description/share/wave_rover_description/urdf/meshes/Old/rover_body.stl
[1.406s] -- Installing: /home/louise/Development/wave_rover_gazebo_ws/install/wave_rover_description/share/wave_rover_description/urdf/meshes/Old/wave_rover_model.stl
[1.434s] -- Installing: /home/louise/Development/wave_rover_gazebo_ws/install/wave_rover_description/share/wave_rover_description/urdf/meshes/wave_rover_model.stl
[1.464s] -- Installing: /home/louise/Development/wave_rover_gazebo_ws/install/wave_rover_description/share/wave_rover_description/urdf/meshes/back_left_wheel.stl
[1.467s] -- Installing: /home/louise/Development/wave_rover_gazebo_ws/install/wave_rover_description/share/wave_rover_description/urdf/meshes/leftside_wheel.stl
[1.469s] -- Up-to-date: /home/louise/Development/wave_rover_gazebo_ws/install/wave_rover_description/share/wave_rover_description/urdf
[1.469s] -- Up-to-date: /home/louise/Development/wave_rover_gazebo_ws/install/wave_rover_description/share/wave_rover_description/urdf/meshes
[1.469s] -- Up-to-date: /home/louise/Development/wave_rover_gazebo_ws/install/wave_rover_description/share/wave_rover_description/urdf/meshes/realsense_bracket.stl
[1.469s] -- Up-to-date: /home/louise/Development/wave_rover_gazebo_ws/install/wave_rover_description/share/wave_rover_description/urdf/meshes/roverbody.stl
[1.469s] -- Up-to-date: /home/louise/Development/wave_rover_gazebo_ws/install/wave_rover_description/share/wave_rover_description/urdf/meshes/d435.dae
[1.469s] -- Up-to-date: /home/louise/Development/wave_rover_gazebo_ws/install/wave_rover_description/share/wave_rover_description/urdf/meshes/back_right_wheel.stl
[1.469s] -- Up-to-date: /home/louise/Development/wave_rover_gazebo_ws/install/wave_rover_description/share/wave_rover_description/urdf/meshes/d435.stl
[1.469s] -- Up-to-date: /home/louise/Development/wave_rover_gazebo_ws/install/wave_rover_description/share/wave_rover_description/urdf/meshes/realsense_camera.stl
[1.469s] -- Up-to-date: /home/louise/Development/wave_rover_gazebo_ws/install/wave_rover_description/share/wave_rover_description/urdf/meshes/front_right_wheel.stl
[1.469s] -- Up-to-date: /home/louise/Development/wave_rover_gazebo_ws/install/wave_rover_description/share/wave_rover_description/urdf/meshes/rover_body.stl
[1.470s] -- Up-to-date: /home/louise/Development/wave_rover_gazebo_ws/install/wave_rover_description/share/wave_rover_description/urdf/meshes/rightside_wheel.stl
[1.470s] -- Up-to-date: /home/louise/Development/wave_rover_gazebo_ws/install/wave_rover_description/share/wave_rover_description/urdf/meshes/front_left_wheel.stl
[1.470s] -- Up-to-date: /home/louise/Development/wave_rover_gazebo_ws/install/wave_rover_description/share/wave_rover_description/urdf/meshes/Old
[1.470s] -- Up-to-date: /home/louise/Development/wave_rover_gazebo_ws/install/wave_rover_description/share/wave_rover_description/urdf/meshes/Old/older
[1.470s] -- Up-to-date: /home/louise/Development/wave_rover_gazebo_ws/install/wave_rover_description/share/wave_rover_description/urdf/meshes/Old/older/rover_body.stl
[1.470s] -- Up-to-date: /home/louise/Development/wave_rover_gazebo_ws/install/wave_rover_description/share/wave_rover_description/urdf/meshes/Old/rover_body.stl
[1.470s] -- Up-to-date: /home/louise/Development/wave_rover_gazebo_ws/install/wave_rover_description/share/wave_rover_description/urdf/meshes/Old/wave_rover_model.stl
[1.470s] -- Up-to-date: /home/louise/Development/wave_rover_gazebo_ws/install/wave_rover_description/share/wave_rover_description/urdf/meshes/wave_rover_model.stl
[1.470s] -- Up-to-date: /home/louise/Development/wave_rover_gazebo_ws/install/wave_rover_description/share/wave_rover_description/urdf/meshes/back_left_wheel.stl
[1.470s] -- Up-to-date: /home/louise/Development/wave_rover_gazebo_ws/install/wave_rover_description/share/wave_rover_description/urdf/meshes/leftside_wheel.stl
[1.470s] -- Installing: /home/louise/Development/wave_rover_gazebo_ws/install/wave_rover_description/share/wave_rover_description/urdf/CLEAN_ROVER_ABSOLUTE.sdf
[1.470s] -- Installing: /home/louise/Development/wave_rover_gazebo_ws/install/wave_rover_description/share/wave_rover_description/urdf/rover_fortress.urdf.xacro
[1.470s] -- Installing: /home/louise/Development/wave_rover_gazebo_ws/install/wave_rover_description/share/wave_rover_description/urdf/wave_rover_fortress.sdf
[1.470s] -- Installing: /home/louise/Development/wave_rover_gazebo_ws/install/wave_rover_description/share/wave_rover_description/urdf/rover_fortress.gazebo
[1.470s] -- Installing: /home/louise/Development/wave_rover_gazebo_ws/install/wave_rover_description/share/wave_rover_description/urdf/wave_rover_world.sdf
[1.470s] -- Installing: /home/louise/Development/wave_rover_gazebo_ws/install/wave_rover_description/share/wave_rover_description/urdf/wave_rover_clean.sdf
[1.470s] -- Installing: /home/louise/Development/wave_rover_gazebo_ws/install/wave_rover_description/share/wave_rover_description/urdf/wave_rover.urdf.xacro
[1.471s] -- Installing: /home/louise/Development/wave_rover_gazebo_ws/install/wave_rover_description/share/wave_rover_description/urdf/newest_realsense_d435.xacro
[1.471s] -- Installing: /home/louise/Development/wave_rover_gazebo_ws/install/wave_rover_description/share/wave_rover_description/urdf/wave_rover_simple_world.sdf
[1.471s] -- Installing: /home/louise/Development/wave_rover_gazebo_ws/install/wave_rover_description/share/wave_rover_description/urdf/CLEAN_ROVER_CLASSIC.sdf
[1.471s] -- Installing: /home/louise/Development/wave_rover_gazebo_ws/install/wave_rover_description/share/wave_rover_description/urdf/rover.urdf.xacro
[1.471s] -- Installing: /home/louise/Development/wave_rover_gazebo_ws/install/wave_rover_description/share/wave_rover_description/urdf/rover.urdf
[1.471s] -- Installing: /home/louise/Development/wave_rover_gazebo_ws/install/wave_rover_description/share/wave_rover_description/urdf/CLEAN_ROVER_MANUAL.sdf
[1.471s] -- Installing: /home/louise/Development/wave_rover_gazebo_ws/install/wave_rover_description/share/wave_rover_description/urdf/wave_rover.config
[1.471s] -- Installing: /home/louise/Development/wave_rover_gazebo_ws/install/wave_rover_description/share/wave_rover_description/urdf/wave_rover.sdf
[1.471s] -- Installing: /home/louise/Development/wave_rover_gazebo_ws/install/wave_rover_description/share/wave_rover_description/urdf/rover.gazebo
[1.471s] -- Installing: /home/louise/Development/wave_rover_gazebo_ws/install/wave_rover_description/share/wave_rover_description/urdf/rover_fortress_corrected.gazebo
[1.471s] -- Installing: /home/louise/Development/wave_rover_gazebo_ws/install/wave_rover_description/share/wave_rover_description/urdf/wave_rover.urdf
[1.471s] -- Installing: /home/louise/Development/wave_rover_gazebo_ws/install/wave_rover_description/share/wave_rover_description/urdf/CLEAN_ROVER.sdf
[1.471s] -- Installing: /home/louise/Development/wave_rover_gazebo_ws/install/wave_rover_description/share/wave_rover_description/urdf/newest_rover.gazebo
[1.472s] -- Installing: /home/louise/Development/wave_rover_gazebo_ws/install/wave_rover_description/share/wave_rover_description/urdf/newest_rover.urdf.xacro
[1.472s] -- Installing: /home/louise/Development/wave_rover_gazebo_ws/install/wave_rover_description/share/wave_rover_description/urdf/old
[1.472s] -- Installing: /home/louise/Development/wave_rover_gazebo_ws/install/wave_rover_description/share/wave_rover_description/urdf/old/realsense_d435.sdf
[1.472s] -- Installing: /home/louise/Development/wave_rover_gazebo_ws/install/wave_rover_description/share/wave_rover_description/urdf/old/scrap.sdf
[1.472s] -- Installing: /home/louise/Development/wave_rover_gazebo_ws/install/wave_rover_description/share/wave_rover_description/urdf/old/wave_rover.sdf
[1.472s] -- Installing: /home/louise/Development/wave_rover_gazebo_ws/install/wave_rover_description/share/wave_rover_description/urdf/old/robot.sdf
[1.473s] -- Installing: /home/louise/Development/wave_rover_gazebo_ws/install/wave_rover_description/share/wave_rover_description/urdf/out.urdf
[1.473s] -- Installing: /home/louise/Development/wave_rover_gazebo_ws/install/wave_rover_description/share/wave_rover_description/urdf/wave_rover_simple.sdf
[1.473s] -- Installing: /home/louise/Development/wave_rover_gazebo_ws/install/wave_rover_description/share/wave_rover_description/urdf/models
[1.473s] -- Installing: /home/louise/Development/wave_rover_gazebo_ws/install/wave_rover_description/share/wave_rover_description/urdf/models/intel_realsense_d435
[1.473s] -- Installing: /home/louise/Development/wave_rover_gazebo_ws/install/wave_rover_description/share/wave_rover_description/urdf/models/intel_realsense_d435/meshes
[1.473s] -- Installing: /home/louise/Development/wave_rover_gazebo_ws/install/wave_rover_description/share/wave_rover_description/urdf/models/intel_realsense_d435/meshes/realsense.dae
[1.473s] -- Installing: /home/louise/Development/wave_rover_gazebo_ws/install/wave_rover_description/share/wave_rover_description/urdf/models/intel_realsense_d435/materials
[1.473s] -- Installing: /home/louise/Development/wave_rover_gazebo_ws/install/wave_rover_description/share/wave_rover_description/urdf/models/intel_realsense_d435/materials/textures
[1.474s] -- Installing: /home/louise/Development/wave_rover_gazebo_ws/install/wave_rover_description/share/wave_rover_description/urdf/models/intel_realsense_d435/materials/textures/RealSense_Albedo.png
[1.474s] -- Installing: /home/louise/Development/wave_rover_gazebo_ws/install/wave_rover_description/share/wave_rover_description/urdf/models/intel_realsense_d435/materials/textures/RealSense_Roughness.png
[1.476s] -- Installing: /home/louise/Development/wave_rover_gazebo_ws/install/wave_rover_description/share/wave_rover_description/urdf/models/intel_realsense_d435/materials/textures/RealSense_Normal.png
[1.476s] -- Installing: /home/louise/Development/wave_rover_gazebo_ws/install/wave_rover_description/share/wave_rover_description/urdf/models/intel_realsense_d435/materials/textures/RealSense_Metalness.png
[1.477s] -- Installing: /home/louise/Development/wave_rover_gazebo_ws/install/wave_rover_description/share/wave_rover_description/urdf/models/intel_realsense_d435/materials/scripts
[1.477s] -- Installing: /home/louise/Development/wave_rover_gazebo_ws/install/wave_rover_description/share/wave_rover_description/urdf/models/intel_realsense_d435/materials/scripts/model.material
[1.477s] -- Installing: /home/louise/Development/wave_rover_gazebo_ws/install/wave_rover_description/share/wave_rover_description/urdf/models/intel_realsense_d435/thumbnails
[1.477s] -- Installing: /home/louise/Development/wave_rover_gazebo_ws/install/wave_rover_description/share/wave_rover_description/urdf/models/intel_realsense_d435/thumbnails/4.png
[1.477s] -- Installing: /home/louise/Development/wave_rover_gazebo_ws/install/wave_rover_description/share/wave_rover_description/urdf/models/intel_realsense_d435/thumbnails/1.png
[1.478s] -- Installing: /home/louise/Development/wave_rover_gazebo_ws/install/wave_rover_description/share/wave_rover_description/urdf/models/intel_realsense_d435/thumbnails/3.png
[1.478s] -- Installing: /home/louise/Development/wave_rover_gazebo_ws/install/wave_rover_description/share/wave_rover_description/urdf/models/intel_realsense_d435/thumbnails/2.png
[1.478s] -- Installing: /home/louise/Development/wave_rover_gazebo_ws/install/wave_rover_description/share/wave_rover_description/urdf/models/intel_realsense_d435/model.config
[1.478s] -- Installing: /home/louise/Development/wave_rover_gazebo_ws/install/wave_rover_description/share/wave_rover_description/urdf/models/intel_realsense_d435/model.sdf
[1.478s] -- Installing: /home/louise/Development/wave_rover_gazebo_ws/install/wave_rover_description/share/wave_rover_description/urdf/models/cone_blue
[1.478s] -- Installing: /home/louise/Development/wave_rover_gazebo_ws/install/wave_rover_description/share/wave_rover_description/urdf/models/cone_blue/meshes
[1.478s] -- Installing: /home/louise/Development/wave_rover_gazebo_ws/install/wave_rover_description/share/wave_rover_description/urdf/models/cone_blue/meshes/cone.stl
[1.479s] -- Installing: /home/louise/Development/wave_rover_gazebo_ws/install/wave_rover_description/share/wave_rover_description/urdf/models/cone_blue/thumbnails
[1.479s] -- Installing: /home/louise/Development/wave_rover_gazebo_ws/install/wave_rover_description/share/wave_rover_description/urdf/models/cone_blue/thumbnails/Screenshot from 2025-07-05 15-09-02.png
[1.479s] -- Installing: /home/louise/Development/wave_rover_gazebo_ws/install/wave_rover_description/share/wave_rover_description/urdf/models/cone_blue/model.config
[1.479s] -- Installing: /home/louise/Development/wave_rover_gazebo_ws/install/wave_rover_description/share/wave_rover_description/urdf/models/cone_blue/model.sdf
[1.480s] -- Installing: /home/louise/Development/wave_rover_gazebo_ws/install/wave_rover_description/share/wave_rover_description/urdf/models/cone_yellow
[1.480s] -- Installing: /home/louise/Development/wave_rover_gazebo_ws/install/wave_rover_description/share/wave_rover_description/urdf/models/cone_yellow/meshes
[1.480s] -- Installing: /home/louise/Development/wave_rover_gazebo_ws/install/wave_rover_description/share/wave_rover_description/urdf/models/cone_yellow/meshes/cone.stl
[1.480s] -- Installing: /home/louise/Development/wave_rover_gazebo_ws/install/wave_rover_description/share/wave_rover_description/urdf/models/cone_yellow/thumbnails
[1.481s] -- Installing: /home/louise/Development/wave_rover_gazebo_ws/install/wave_rover_description/share/wave_rover_description/urdf/models/cone_yellow/thumbnails/Screenshot from 2025-07-05 15-12-53.png
[1.481s] -- Installing: /home/louise/Development/wave_rover_gazebo_ws/install/wave_rover_description/share/wave_rover_description/urdf/models/cone_yellow/model.config
[1.481s] -- Installing: /home/louise/Development/wave_rover_gazebo_ws/install/wave_rover_description/share/wave_rover_description/urdf/models/cone_yellow/model.sdf
[1.481s] -- Installing: /home/louise/Development/wave_rover_gazebo_ws/install/wave_rover_description/share/wave_rover_description/urdf/models/cone_orange
[1.481s] -- Installing: /home/louise/Development/wave_rover_gazebo_ws/install/wave_rover_description/share/wave_rover_description/urdf/models/cone_orange/meshes
[1.481s] -- Installing: /home/louise/Development/wave_rover_gazebo_ws/install/wave_rover_description/share/wave_rover_description/urdf/models/cone_orange/meshes/cone.stl
[1.482s] -- Installing: /home/louise/Development/wave_rover_gazebo_ws/install/wave_rover_description/share/wave_rover_description/urdf/models/cone_orange/thumbnails
[1.482s] -- Installing: /home/louise/Development/wave_rover_gazebo_ws/install/wave_rover_description/share/wave_rover_description/urdf/models/cone_orange/thumbnails/Screenshot from 2025-07-05 15-15-27.png
[1.482s] -- Installing: /home/louise/Development/wave_rover_gazebo_ws/install/wave_rover_description/share/wave_rover_description/urdf/models/cone_orange/model.config
[1.482s] -- Installing: /home/louise/Development/wave_rover_gazebo_ws/install/wave_rover_description/share/wave_rover_description/urdf/models/cone_orange/model.sdf
[1.482s] -- Installing: /home/louise/Development/wave_rover_gazebo_ws/install/wave_rover_description/share/wave_rover_description/urdf/models/cone_red
[1.482s] -- Installing: /home/louise/Development/wave_rover_gazebo_ws/install/wave_rover_description/share/wave_rover_description/urdf/models/cone_red/meshes
[1.482s] -- Installing: /home/louise/Development/wave_rover_gazebo_ws/install/wave_rover_description/share/wave_rover_description/urdf/models/cone_red/meshes/cone.stl
[1.483s] -- Installing: /home/louise/Development/wave_rover_gazebo_ws/install/wave_rover_description/share/wave_rover_description/urdf/models/cone_red/thumbnails
[1.483s] -- Installing: /home/louise/Development/wave_rover_gazebo_ws/install/wave_rover_description/share/wave_rover_description/urdf/models/cone_red/thumbnails/Screenshot from 2025-07-05 15-17-11.png
[1.483s] -- Installing: /home/louise/Development/wave_rover_gazebo_ws/install/wave_rover_description/share/wave_rover_description/urdf/models/cone_red/model.config
[1.483s] -- Installing: /home/louise/Development/wave_rover_gazebo_ws/install/wave_rover_description/share/wave_rover_description/urdf/models/cone_red/model.sdf
[1.484s] -- Installing: /home/louise/Development/wave_rover_gazebo_ws/install/wave_rover_description/share/wave_rover_description/launch
[1.484s] -- Installing: /home/louise/Development/wave_rover_gazebo_ws/install/wave_rover_description/share/wave_rover_description/launch/gazebo_simulation.launch.py
[1.530s] -- Installing: /home/louise/Development/wave_rover_gazebo_ws/install/wave_rover_description/share/wave_rover_description/launch/display.launch.py
[1.530s] -- Installing: /home/louise/Development/wave_rover_gazebo_ws/install/wave_rover_description/share/wave_rover_description/launch/display_box.launch.py
[1.531s] -- Up-to-date: /home/louise/Development/wave_rover_gazebo_ws/install/wave_rover_description/share/wave_rover_description/urdf/models
[1.531s] -- Up-to-date: /home/louise/Development/wave_rover_gazebo_ws/install/wave_rover_description/share/wave_rover_description/urdf/models/intel_realsense_d435
[1.531s] -- Up-to-date: /home/louise/Development/wave_rover_gazebo_ws/install/wave_rover_description/share/wave_rover_description/urdf/models/intel_realsense_d435/meshes
[1.531s] -- Up-to-date: /home/louise/Development/wave_rover_gazebo_ws/install/wave_rover_description/share/wave_rover_description/urdf/models/intel_realsense_d435/meshes/realsense.dae
[1.531s] -- Up-to-date: /home/louise/Development/wave_rover_gazebo_ws/install/wave_rover_description/share/wave_rover_description/urdf/models/intel_realsense_d435/materials
[1.531s] -- Up-to-date: /home/louise/Development/wave_rover_gazebo_ws/install/wave_rover_description/share/wave_rover_description/urdf/models/intel_realsense_d435/materials/textures
[1.531s] -- Up-to-date: /home/louise/Development/wave_rover_gazebo_ws/install/wave_rover_description/share/wave_rover_description/urdf/models/intel_realsense_d435/materials/textures/RealSense_Albedo.png
[1.531s] -- Up-to-date: /home/louise/Development/wave_rover_gazebo_ws/install/wave_rover_description/share/wave_rover_description/urdf/models/intel_realsense_d435/materials/textures/RealSense_Roughness.png
[1.531s] -- Up-to-date: /home/louise/Development/wave_rover_gazebo_ws/install/wave_rover_description/share/wave_rover_description/urdf/models/intel_realsense_d435/materials/textures/RealSense_Normal.png
[1.531s] -- Up-to-date: /home/louise/Development/wave_rover_gazebo_ws/install/wave_rover_description/share/wave_rover_description/urdf/models/intel_realsense_d435/materials/textures/RealSense_Metalness.png
[1.532s] -- Up-to-date: /home/louise/Development/wave_rover_gazebo_ws/install/wave_rover_description/share/wave_rover_description/urdf/models/intel_realsense_d435/materials/scripts
[1.532s] -- Up-to-date: /home/louise/Development/wave_rover_gazebo_ws/install/wave_rover_description/share/wave_rover_description/urdf/models/intel_realsense_d435/materials/scripts/model.material
[1.532s] -- Up-to-date: /home/louise/Development/wave_rover_gazebo_ws/install/wave_rover_description/share/wave_rover_description/urdf/models/intel_realsense_d435/thumbnails
[1.532s] -- Up-to-date: /home/louise/Development/wave_rover_gazebo_ws/install/wave_rover_description/share/wave_rover_description/urdf/models/intel_realsense_d435/thumbnails/4.png
[1.532s] -- Up-to-date: /home/louise/Development/wave_rover_gazebo_ws/install/wave_rover_description/share/wave_rover_description/urdf/models/intel_realsense_d435/thumbnails/1.png
[1.532s] -- Up-to-date: /home/louise/Development/wave_rover_gazebo_ws/install/wave_rover_description/share/wave_rover_description/urdf/models/intel_realsense_d435/thumbnails/3.png
[1.532s] -- Up-to-date: /home/louise/Development/wave_rover_gazebo_ws/install/wave_rover_description/share/wave_rover_description/urdf/models/intel_realsense_d435/thumbnails/2.png
[1.532s] -- Up-to-date: /home/louise/Development/wave_rover_gazebo_ws/install/wave_rover_description/share/wave_rover_description/urdf/models/intel_realsense_d435/model.config
[1.532s] -- Up-to-date: /home/louise/Development/wave_rover_gazebo_ws/install/wave_rover_description/share/wave_rover_description/urdf/models/intel_realsense_d435/model.sdf
[1.532s] -- Up-to-date: /home/louise/Development/wave_rover_gazebo_ws/install/wave_rover_description/share/wave_rover_description/urdf/models/cone_blue
[1.532s] -- Up-to-date: /home/louise/Development/wave_rover_gazebo_ws/install/wave_rover_description/share/wave_rover_description/urdf/models/cone_blue/meshes
[1.532s] -- Up-to-date: /home/louise/Development/wave_rover_gazebo_ws/install/wave_rover_description/share/wave_rover_description/urdf/models/cone_blue/meshes/cone.stl
[1.532s] -- Up-to-date: /home/louise/Development/wave_rover_gazebo_ws/install/wave_rover_description/share/wave_rover_description/urdf/models/cone_blue/thumbnails
[1.532s] -- Up-to-date: /home/louise/Development/wave_rover_gazebo_ws/install/wave_rover_description/share/wave_rover_description/urdf/models/cone_blue/thumbnails/Screenshot from 2025-07-05 15-09-02.png
[1.532s] -- Up-to-date: /home/louise/Development/wave_rover_gazebo_ws/install/wave_rover_description/share/wave_rover_description/urdf/models/cone_blue/model.config
[1.532s] -- Up-to-date: /home/louise/Development/wave_rover_gazebo_ws/install/wave_rover_description/share/wave_rover_description/urdf/models/cone_blue/model.sdf
[1.532s] -- Up-to-date: /home/louise/Development/wave_rover_gazebo_ws/install/wave_rover_description/share/wave_rover_description/urdf/models/cone_yellow
[1.532s] -- Up-to-date: /home/louise/Development/wave_rover_gazebo_ws/install/wave_rover_description/share/wave_rover_description/urdf/models/cone_yellow/meshes
[1.532s] -- Up-to-date: /home/louise/Development/wave_rover_gazebo_ws/install/wave_rover_description/share/wave_rover_description/urdf/models/cone_yellow/meshes/cone.stl
[1.532s] -- Up-to-date: /home/louise/Development/wave_rover_gazebo_ws/install/wave_rover_description/share/wave_rover_description/urdf/models/cone_yellow/thumbnails
[1.533s] -- Up-to-date: /home/louise/Development/wave_rover_gazebo_ws/install/wave_rover_description/share/wave_rover_description/urdf/models/cone_yellow/thumbnails/Screenshot from 2025-07-05 15-12-53.png
[1.533s] -- Up-to-date: /home/louise/Development/wave_rover_gazebo_ws/install/wave_rover_description/share/wave_rover_description/urdf/models/cone_yellow/model.config
[1.533s] -- Up-to-date: /home/louise/Development/wave_rover_gazebo_ws/install/wave_rover_description/share/wave_rover_description/urdf/models/cone_yellow/model.sdf
[1.533s] -- Up-to-date: /home/louise/Development/wave_rover_gazebo_ws/install/wave_rover_description/share/wave_rover_description/urdf/models/cone_orange
[1.533s] -- Up-to-date: /home/louise/Development/wave_rover_gazebo_ws/install/wave_rover_description/share/wave_rover_description/urdf/models/cone_orange/meshes
[1.533s] -- Up-to-date: /home/louise/Development/wave_rover_gazebo_ws/install/wave_rover_description/share/wave_rover_description/urdf/models/cone_orange/meshes/cone.stl
[1.533s] -- Up-to-date: /home/louise/Development/wave_rover_gazebo_ws/install/wave_rover_description/share/wave_rover_description/urdf/models/cone_orange/thumbnails
[1.533s] -- Up-to-date: /home/louise/Development/wave_rover_gazebo_ws/install/wave_rover_description/share/wave_rover_description/urdf/models/cone_orange/thumbnails/Screenshot from 2025-07-05 15-15-27.png
[1.533s] -- Up-to-date: /home/louise/Development/wave_rover_gazebo_ws/install/wave_rover_description/share/wave_rover_description/urdf/models/cone_orange/model.config
[1.533s] -- Up-to-date: /home/louise/Development/wave_rover_gazebo_ws/install/wave_rover_description/share/wave_rover_description/urdf/models/cone_orange/model.sdf
[1.533s] -- Up-to-date: /home/louise/Development/wave_rover_gazebo_ws/install/wave_rover_description/share/wave_rover_description/urdf/models/cone_red
[1.533s] -- Up-to-date: /home/louise/Development/wave_rover_gazebo_ws/install/wave_rover_description/share/wave_rover_description/urdf/models/cone_red/meshes
[1.533s] -- Up-to-date: /home/louise/Development/wave_rover_gazebo_ws/install/wave_rover_description/share/wave_rover_description/urdf/models/cone_red/meshes/cone.stl
[1.533s] -- Up-to-date: /home/louise/Development/wave_rover_gazebo_ws/install/wave_rover_description/share/wave_rover_description/urdf/models/cone_red/thumbnails
[1.533s] -- Up-to-date: /home/louise/Development/wave_rover_gazebo_ws/install/wave_rover_description/share/wave_rover_description/urdf/models/cone_red/thumbnails/Screenshot from 2025-07-05 15-17-11.png
[1.533s] -- Up-to-date: /home/louise/Development/wave_rover_gazebo_ws/install/wave_rover_description/share/wave_rover_description/urdf/models/cone_red/model.config
[1.533s] -- Up-to-date: /home/louise/Development/wave_rover_gazebo_ws/install/wave_rover_description/share/wave_rover_description/urdf/models/cone_red/model.sdf
[1.533s] -- Installing: /home/louise/Development/wave_rover_gazebo_ws/install/wave_rover_description/share/wave_rover_description/worlds
[1.533s] -- Installing: /home/louise/Development/wave_rover_gazebo_ws/install/wave_rover_description/share/wave_rover_description/worlds/oasis_fortress.sdf
[1.533s] -- Installing: /home/louise/Development/wave_rover_gazebo_ws/install/wave_rover_description/share/wave_rover_description/worlds/small_circle.world
[1.533s] -- Installing: /home/louise/Development/wave_rover_gazebo_ws/install/wave_rover_description/share/wave_rover_description/worlds/small_track_bean.world
[1.533s] -- Installing: /home/louise/Development/wave_rover_gazebo_ws/install/wave_rover_description/share/wave_rover_description/worlds/wave_rover_world.sdf
[1.534s] -- Installing: /home/louise/Development/wave_rover_gazebo_ws/install/wave_rover_description/share/wave_rover_description/worlds/start.sdf
[1.534s] -- Installing: /home/louise/Development/wave_rover_gazebo_ws/install/wave_rover_description/share/wave_rover_description/worlds/squidge_fortress.sdf
[1.534s] -- Installing: /home/louise/Development/wave_rover_gazebo_ws/install/wave_rover_description/share/wave_rover_description/worlds/fortress_test.sdf
[1.534s] -- Installing: /home/louise/Development/wave_rover_gazebo_ws/install/wave_rover_description/share/wave_rover_description/worlds/test_world.sdf
[1.534s] -- Installing: /home/louise/Development/wave_rover_gazebo_ws/install/wave_rover_description/share/wave_rover_description/worlds/oasis.world
[1.534s] -- Installing: /home/louise/Development/wave_rover_gazebo_ws/install/wave_rover_description/share/wave_rover_description/worlds/simple_rover_world.sdf
[1.534s] -- Installing: /home/louise/Development/wave_rover_gazebo_ws/install/wave_rover_description/share/wave_rover_description/worlds/empty.world
[1.534s] -- Installing: /home/louise/Development/wave_rover_gazebo_ws/install/wave_rover_description/share/ament_index/resource_index/package_run_dependencies/wave_rover_description
[1.534s] -- Installing: /home/louise/Development/wave_rover_gazebo_ws/install/wave_rover_description/share/ament_index/resource_index/parent_prefix_path/wave_rover_description
[1.534s] -- Installing: /home/louise/Development/wave_rover_gazebo_ws/install/wave_rover_description/share/wave_rover_description/environment/ament_prefix_path.sh
[1.535s] -- Installing: /home/louise/Development/wave_rover_gazebo_ws/install/wave_rover_description/share/wave_rover_description/environment/ament_prefix_path.dsv
[1.535s] -- Installing: /home/louise/Development/wave_rover_gazebo_ws/install/wave_rover_description/share/wave_rover_description/environment/path.sh
[1.535s] -- Installing: /home/louise/Development/wave_rover_gazebo_ws/install/wave_rover_description/share/wave_rover_description/environment/path.dsv
[1.535s] -- Installing: /home/louise/Development/wave_rover_gazebo_ws/install/wave_rover_description/share/wave_rover_description/local_setup.bash
[1.535s] -- Installing: /home/louise/Development/wave_rover_gazebo_ws/install/wave_rover_description/share/wave_rover_description/local_setup.sh
[1.535s] -- Installing: /home/louise/Development/wave_rover_gazebo_ws/install/wave_rover_description/share/wave_rover_description/local_setup.zsh
[1.536s] -- Installing: /home/louise/Development/wave_rover_gazebo_ws/install/wave_rover_description/share/wave_rover_description/local_setup.dsv
[1.536s] -- Installing: /home/louise/Development/wave_rover_gazebo_ws/install/wave_rover_description/share/wave_rover_description/package.dsv
[1.536s] -- Installing: /home/louise/Development/wave_rover_gazebo_ws/install/wave_rover_description/share/ament_index/resource_index/packages/wave_rover_description
[1.536s] -- Installing: /home/louise/Development/wave_rover_gazebo_ws/install/wave_rover_description/share/wave_rover_description/cmake/wave_rover_descriptionConfig.cmake
[1.536s] -- Installing: /home/louise/Development/wave_rover_gazebo_ws/install/wave_rover_description/share/wave_rover_description/cmake/wave_rover_descriptionConfig-version.cmake
[1.536s] -- Installing: /home/louise/Development/wave_rover_gazebo_ws/install/wave_rover_description/share/wave_rover_description/package.xml
[1.539s] Invoked command in '/home/louise/Development/wave_rover_gazebo_ws/build/wave_rover_description' returned '0': CMAKE_PREFIX_PATH=${CMAKE_PREFIX_PATH}:/home/louise/Development/wave_rover_gazebo_ws/install/test_box_launch:/home/louise/Development/wave_rover_gazebo_ws/install/launch_sim:/opt/ros/humble /usr/bin/cmake --install /home/louise/Development/wave_rover_gazebo_ws/build/wave_rover_description
