[0.775s] Invoking command in '/home/louise/Development/wave_rover_gazebo_ws/src/launch_sim': PYTHONPATH=/home/louise/Development/wave_rover_gazebo_ws/build/launch_sim/prefix_override:/usr/lib/python3/dist-packages/colcon_core/task/python/colcon_distutils_commands:/home/louise/Development/wave_rover_gazebo_ws/install/launch_sim/lib/python3.10/site-packages:${PYTHONPATH} /usr/bin/python3 -W ignore:setup.py install is deprecated -W ignore:easy_install command is deprecated setup.py egg_info --egg-base ../../build/launch_sim build --build-base /home/louise/Development/wave_rover_gazebo_ws/build/launch_sim/build install --record /home/louise/Development/wave_rover_gazebo_ws/build/launch_sim/install.log --single-version-externally-managed install_data
[0.946s] running egg_info
[0.947s] writing ../../build/launch_sim/launch_sim.egg-info/PKG-INFO
[0.952s] writing dependency_links to ../../build/launch_sim/launch_sim.egg-info/dependency_links.txt
[0.952s] writing entry points to ../../build/launch_sim/launch_sim.egg-info/entry_points.txt
[0.952s] writing requirements to ../../build/launch_sim/launch_sim.egg-info/requires.txt
[0.952s] writing top-level names to ../../build/launch_sim/launch_sim.egg-info/top_level.txt
[0.953s] reading manifest file '../../build/launch_sim/launch_sim.egg-info/SOURCES.txt'
[0.954s] writing manifest file '../../build/launch_sim/launch_sim.egg-info/SOURCES.txt'
[0.954s] running build
[0.954s] running build_py
[0.955s] running install
[0.955s] running install_lib
[0.956s] running install_data
[0.957s] running install_egg_info
[0.958s] removing '/home/louise/Development/wave_rover_gazebo_ws/install/launch_sim/lib/python3.10/site-packages/launch_sim-0.0.0-py3.10.egg-info' (and everything under it)
[0.958s] Copying ../../build/launch_sim/launch_sim.egg-info to /home/louise/Development/wave_rover_gazebo_ws/install/launch_sim/lib/python3.10/site-packages/launch_sim-0.0.0-py3.10.egg-info
[0.959s] running install_scripts
[0.973s] writing list of installed files to '/home/louise/Development/wave_rover_gazebo_ws/build/launch_sim/install.log'
[1.000s] Invoked command in '/home/louise/Development/wave_rover_gazebo_ws/src/launch_sim' returned '0': PYTHONPATH=/home/louise/Development/wave_rover_gazebo_ws/build/launch_sim/prefix_override:/usr/lib/python3/dist-packages/colcon_core/task/python/colcon_distutils_commands:/home/louise/Development/wave_rover_gazebo_ws/install/launch_sim/lib/python3.10/site-packages:${PYTHONPATH} /usr/bin/python3 -W ignore:setup.py install is deprecated -W ignore:easy_install command is deprecated setup.py egg_info --egg-base ../../build/launch_sim build --build-base /home/louise/Development/wave_rover_gazebo_ws/build/launch_sim/build install --record /home/louise/Development/wave_rover_gazebo_ws/build/launch_sim/install.log --single-version-externally-managed install_data
