[0.535s] Invoking command in '/home/louise/Development/wave_rover_gazebo_ws/build/wave_rover_gazebo': CMAKE_PREFIX_PATH=${CMAKE_PREFIX_PATH}:/home/louise/Development/wave_rover_gazebo_ws/install/test_box_launch:/home/louise/Development/wave_rover_gazebo_ws/install/launch_sim:/opt/ros/humble /usr/bin/cmake /home/louise/Development/wave_rover_gazebo_ws/src/wave_rover_gazebo -DCMAKE_INSTALL_PREFIX=/home/louise/Development/wave_rover_gazebo_ws/install/wave_rover_gazebo
[0.597s] -- The C compiler identification is GNU 11.4.0
[0.655s] -- The CXX compiler identification is GNU 11.4.0
[0.663s] -- Detecting C compiler ABI info
[0.735s] -- Detecting C compiler ABI info - done
[0.742s] -- Check for working C compiler: /usr/bin/cc - skipped
[0.742s] -- Detecting C compile features
[0.743s] -- Detecting C compile features - done
[0.745s] -- Detecting CXX compiler ABI info
[0.830s] -- Detecting CXX compiler ABI info - done
[0.837s] -- Check for working CXX compiler: /usr/bin/c++ - skipped
[0.837s] -- Detecting CXX compile features
[0.837s] -- Detecting CXX compile features - done
[0.839s] -- Found ament_cmake: 1.3.11 (/opt/ros/humble/share/ament_cmake/cmake)
[1.000s] -- Found Python3: /usr/bin/python3 (found version "3.10.12") found components: Interpreter 
[1.102s] -- Found ament_lint_auto: 0.12.12 (/opt/ros/humble/share/ament_lint_auto/cmake)
[1.190s] -- Added test 'lint_cmake' to check CMake code style
[1.191s] -- Added test 'xmllint' to check XML markup files
[1.192s] -- Configuring done
[1.195s] -- Generating done
[1.196s] -- Build files have been written to: /home/louise/Development/wave_rover_gazebo_ws/build/wave_rover_gazebo
[1.201s] Invoked command in '/home/louise/Development/wave_rover_gazebo_ws/build/wave_rover_gazebo' returned '0': CMAKE_PREFIX_PATH=${CMAKE_PREFIX_PATH}:/home/louise/Development/wave_rover_gazebo_ws/install/test_box_launch:/home/louise/Development/wave_rover_gazebo_ws/install/launch_sim:/opt/ros/humble /usr/bin/cmake /home/louise/Development/wave_rover_gazebo_ws/src/wave_rover_gazebo -DCMAKE_INSTALL_PREFIX=/home/louise/Development/wave_rover_gazebo_ws/install/wave_rover_gazebo
[1.204s] Invoking command in '/home/louise/Development/wave_rover_gazebo_ws/build/wave_rover_gazebo': CMAKE_PREFIX_PATH=${CMAKE_PREFIX_PATH}:/home/louise/Development/wave_rover_gazebo_ws/install/test_box_launch:/home/louise/Development/wave_rover_gazebo_ws/install/launch_sim:/opt/ros/humble /usr/bin/cmake --build /home/louise/Development/wave_rover_gazebo_ws/build/wave_rover_gazebo -- -j16 -l16
[1.247s] Invoked command in '/home/louise/Development/wave_rover_gazebo_ws/build/wave_rover_gazebo' returned '0': CMAKE_PREFIX_PATH=${CMAKE_PREFIX_PATH}:/home/louise/Development/wave_rover_gazebo_ws/install/test_box_launch:/home/louise/Development/wave_rover_gazebo_ws/install/launch_sim:/opt/ros/humble /usr/bin/cmake --build /home/louise/Development/wave_rover_gazebo_ws/build/wave_rover_gazebo -- -j16 -l16
[1.260s] Invoking command in '/home/louise/Development/wave_rover_gazebo_ws/build/wave_rover_gazebo': CMAKE_PREFIX_PATH=${CMAKE_PREFIX_PATH}:/home/louise/Development/wave_rover_gazebo_ws/install/test_box_launch:/home/louise/Development/wave_rover_gazebo_ws/install/launch_sim:/opt/ros/humble /usr/bin/cmake --install /home/louise/Development/wave_rover_gazebo_ws/build/wave_rover_gazebo
[1.267s] -- Install configuration: ""
[1.267s] -- Installing: /home/louise/Development/wave_rover_gazebo_ws/install/wave_rover_gazebo/share/ament_index/resource_index/package_run_dependencies/wave_rover_gazebo
[1.267s] -- Installing: /home/louise/Development/wave_rover_gazebo_ws/install/wave_rover_gazebo/share/ament_index/resource_index/parent_prefix_path/wave_rover_gazebo
[1.268s] -- Installing: /home/louise/Development/wave_rover_gazebo_ws/install/wave_rover_gazebo/share/wave_rover_gazebo/environment/ament_prefix_path.sh
[1.268s] -- Installing: /home/louise/Development/wave_rover_gazebo_ws/install/wave_rover_gazebo/share/wave_rover_gazebo/environment/ament_prefix_path.dsv
[1.268s] -- Installing: /home/louise/Development/wave_rover_gazebo_ws/install/wave_rover_gazebo/share/wave_rover_gazebo/environment/path.sh
[1.269s] -- Installing: /home/louise/Development/wave_rover_gazebo_ws/install/wave_rover_gazebo/share/wave_rover_gazebo/environment/path.dsv
[1.269s] -- Installing: /home/louise/Development/wave_rover_gazebo_ws/install/wave_rover_gazebo/share/wave_rover_gazebo/local_setup.bash
[1.269s] -- Installing: /home/louise/Development/wave_rover_gazebo_ws/install/wave_rover_gazebo/share/wave_rover_gazebo/local_setup.sh
[1.269s] -- Installing: /home/louise/Development/wave_rover_gazebo_ws/install/wave_rover_gazebo/share/wave_rover_gazebo/local_setup.zsh
[1.270s] -- Installing: /home/louise/Development/wave_rover_gazebo_ws/install/wave_rover_gazebo/share/wave_rover_gazebo/local_setup.dsv
[1.270s] -- Installing: /home/louise/Development/wave_rover_gazebo_ws/install/wave_rover_gazebo/share/wave_rover_gazebo/package.dsv
[1.270s] -- Installing: /home/louise/Development/wave_rover_gazebo_ws/install/wave_rover_gazebo/share/ament_index/resource_index/packages/wave_rover_gazebo
[1.270s] -- Installing: /home/louise/Development/wave_rover_gazebo_ws/install/wave_rover_gazebo/share/wave_rover_gazebo/cmake/wave_rover_gazeboConfig.cmake
[1.270s] -- Installing: /home/louise/Development/wave_rover_gazebo_ws/install/wave_rover_gazebo/share/wave_rover_gazebo/cmake/wave_rover_gazeboConfig-version.cmake
[1.271s] -- Installing: /home/louise/Development/wave_rover_gazebo_ws/install/wave_rover_gazebo/share/wave_rover_gazebo/package.xml
[1.275s] Invoked command in '/home/louise/Development/wave_rover_gazebo_ws/build/wave_rover_gazebo' returned '0': CMAKE_PREFIX_PATH=${CMAKE_PREFIX_PATH}:/home/louise/Development/wave_rover_gazebo_ws/install/test_box_launch:/home/louise/Development/wave_rover_gazebo_ws/install/launch_sim:/opt/ros/humble /usr/bin/cmake --install /home/louise/Development/wave_rover_gazebo_ws/build/wave_rover_gazebo
