/home/louise/Development/wave_rover_gazebo_ws/install/launch_sim/lib/python3.10/site-packages/launch_sim/__init__.py
/home/louise/Development/wave_rover_gazebo_ws/install/launch_sim/lib/python3.10/site-packages/launch_sim/__pycache__/__init__.cpython-310.pyc
/home/louise/Development/wave_rover_gazebo_ws/install/launch_sim/share/ament_index/resource_index/packages/launch_sim
/home/louise/Development/wave_rover_gazebo_ws/install/launch_sim/share/launch_sim/package.xml
/home/louise/Development/wave_rover_gazebo_ws/install/launch_sim/share/launch_sim/launch/rover_fortress.launch.py
/home/louise/Development/wave_rover_gazebo_ws/install/launch_sim/share/launch_sim/launch/newest.launch.py
/home/louise/Development/wave_rover_gazebo_ws/install/launch_sim/share/launch_sim/launch/test_minimal.launch.py
/home/louise/Development/wave_rover_gazebo_ws/install/launch_sim/share/launch_sim/launch/simple_fortress.launch.py
/home/louise/Development/wave_rover_gazebo_ws/install/launch_sim/share/launch_sim/launch/simulator.launch.py
/home/louise/Development/wave_rover_gazebo_ws/install/launch_sim/share/launch_sim/launch/view_robot.launch.py
/home/louise/Development/wave_rover_gazebo_ws/install/launch_sim/share/launch_sim/launch/FIX_LAUNCH.launch.py
/home/louise/Development/wave_rover_gazebo_ws/install/launch_sim/share/launch_sim/launch/rsp.launch.py
/home/louise/Development/wave_rover_gazebo_ws/install/launch_sim/share/launch_sim/launch/sim_fortress.launch.py
/home/louise/Development/wave_rover_gazebo_ws/install/launch_sim/share/launch_sim/launch/debug_robot.launch.py
/home/louise/Development/wave_rover_gazebo_ws/install/launch_sim/share/launch_sim/launch/minimal_gazebo.launch.py
/home/louise/Development/wave_rover_gazebo_ws/install/launch_sim/share/launch_sim/launch/SIMLAUNCHER.launch.py
/home/louise/Development/wave_rover_gazebo_ws/install/launch_sim/share/launch_sim/launch/rover_fortress_simple.launch.py
/home/louise/Development/wave_rover_gazebo_ws/install/launch_sim/share/launch_sim/launch/test_simple_sdf.launch.py
/home/louise/Development/wave_rover_gazebo_ws/install/launch_sim/share/launch_sim/launch/test_clean_sdf.launch.py
/home/louise/Development/wave_rover_gazebo_ws/install/launch_sim/share/launch_sim/launch/sim.launch.py
/home/louise/Development/wave_rover_gazebo_ws/install/launch_sim/lib/python3.10/site-packages/launch_sim-0.0.0-py3.10.egg-info/top_level.txt
/home/louise/Development/wave_rover_gazebo_ws/install/launch_sim/lib/python3.10/site-packages/launch_sim-0.0.0-py3.10.egg-info/PKG-INFO
/home/louise/Development/wave_rover_gazebo_ws/install/launch_sim/lib/python3.10/site-packages/launch_sim-0.0.0-py3.10.egg-info/entry_points.txt
/home/louise/Development/wave_rover_gazebo_ws/install/launch_sim/lib/python3.10/site-packages/launch_sim-0.0.0-py3.10.egg-info/requires.txt
/home/louise/Development/wave_rover_gazebo_ws/install/launch_sim/lib/python3.10/site-packages/launch_sim-0.0.0-py3.10.egg-info/SOURCES.txt
/home/louise/Development/wave_rover_gazebo_ws/install/launch_sim/lib/python3.10/site-packages/launch_sim-0.0.0-py3.10.egg-info/zip-safe
/home/louise/Development/wave_rover_gazebo_ws/install/launch_sim/lib/python3.10/site-packages/launch_sim-0.0.0-py3.10.egg-info/dependency_links.txt
