[0.365s] Invoking command in '/home/louise/Development/wave_rover_gazebo_ws/build/wave_rover_gazebo': CMAKE_PREFIX_PATH=${CMAKE_PREFIX_PATH}:/home/louise/Development/wave_rover_gazebo_ws/install/test_box_launch:/home/louise/Development/wave_rover_gazebo_ws/install/launch_sim:/opt/ros/humble /usr/bin/cmake /home/louise/Development/wave_rover_gazebo_ws/src/wave_rover_gazebo -DCMAKE_INSTALL_PREFIX=/home/louise/Development/wave_rover_gazebo_ws/install/wave_rover_gazebo
[0.418s] -- The C compiler identification is GNU 11.4.0
[0.464s] -- The CXX compiler identification is GNU 11.4.0
[0.472s] -- Detecting C compiler ABI info
[0.528s] -- Detecting C compiler ABI info - done
[0.534s] -- Check for working C compiler: /usr/bin/cc - skipped
[0.534s] -- Detecting C compile features
[0.534s] -- Detecting C compile features - done
[0.536s] -- Detecting CXX compiler ABI info
[0.600s] -- Detecting CXX compiler ABI info - done
[0.605s] -- Check for working CXX compiler: /usr/bin/c++ - skipped
[0.605s] -- Detecting CXX compile features
[0.606s] -- Detecting CXX compile features - done
[0.609s] -- Found ament_cmake: 1.3.12 (/opt/ros/humble/share/ament_cmake/cmake)
[0.729s] -- Found Python3: /usr/bin/python3 (found version "3.10.12") found components: Interpreter 
[0.806s] -- Found ament_lint_auto: 0.12.14 (/opt/ros/humble/share/ament_lint_auto/cmake)
[0.869s] -- Added test 'lint_cmake' to check CMake code style
[0.870s] -- Added test 'xmllint' to check XML markup files
[0.871s] -- Configuring done
[0.874s] -- Generating done
[0.875s] -- Build files have been written to: /home/louise/Development/wave_rover_gazebo_ws/build/wave_rover_gazebo
[0.880s] Invoked command in '/home/louise/Development/wave_rover_gazebo_ws/build/wave_rover_gazebo' returned '0': CMAKE_PREFIX_PATH=${CMAKE_PREFIX_PATH}:/home/louise/Development/wave_rover_gazebo_ws/install/test_box_launch:/home/louise/Development/wave_rover_gazebo_ws/install/launch_sim:/opt/ros/humble /usr/bin/cmake /home/louise/Development/wave_rover_gazebo_ws/src/wave_rover_gazebo -DCMAKE_INSTALL_PREFIX=/home/louise/Development/wave_rover_gazebo_ws/install/wave_rover_gazebo
[0.882s] Invoking command in '/home/louise/Development/wave_rover_gazebo_ws/build/wave_rover_gazebo': CMAKE_PREFIX_PATH=${CMAKE_PREFIX_PATH}:/home/louise/Development/wave_rover_gazebo_ws/install/test_box_launch:/home/louise/Development/wave_rover_gazebo_ws/install/launch_sim:/opt/ros/humble /usr/bin/cmake --build /home/louise/Development/wave_rover_gazebo_ws/build/wave_rover_gazebo -- -j16 -l16
[0.915s] Invoked command in '/home/louise/Development/wave_rover_gazebo_ws/build/wave_rover_gazebo' returned '0': CMAKE_PREFIX_PATH=${CMAKE_PREFIX_PATH}:/home/louise/Development/wave_rover_gazebo_ws/install/test_box_launch:/home/louise/Development/wave_rover_gazebo_ws/install/launch_sim:/opt/ros/humble /usr/bin/cmake --build /home/louise/Development/wave_rover_gazebo_ws/build/wave_rover_gazebo -- -j16 -l16
[0.923s] Invoking command in '/home/louise/Development/wave_rover_gazebo_ws/build/wave_rover_gazebo': CMAKE_PREFIX_PATH=${CMAKE_PREFIX_PATH}:/home/louise/Development/wave_rover_gazebo_ws/install/test_box_launch:/home/louise/Development/wave_rover_gazebo_ws/install/launch_sim:/opt/ros/humble /usr/bin/cmake --install /home/louise/Development/wave_rover_gazebo_ws/build/wave_rover_gazebo
[0.929s] -- Install configuration: ""
[0.929s] -- Installing: /home/louise/Development/wave_rover_gazebo_ws/install/wave_rover_gazebo/share/ament_index/resource_index/package_run_dependencies/wave_rover_gazebo
[0.929s] -- Installing: /home/louise/Development/wave_rover_gazebo_ws/install/wave_rover_gazebo/share/ament_index/resource_index/parent_prefix_path/wave_rover_gazebo
[0.929s] -- Installing: /home/louise/Development/wave_rover_gazebo_ws/install/wave_rover_gazebo/share/wave_rover_gazebo/environment/ament_prefix_path.sh
[0.929s] -- Installing: /home/louise/Development/wave_rover_gazebo_ws/install/wave_rover_gazebo/share/wave_rover_gazebo/environment/ament_prefix_path.dsv
[0.929s] -- Installing: /home/louise/Development/wave_rover_gazebo_ws/install/wave_rover_gazebo/share/wave_rover_gazebo/environment/path.sh
[0.929s] -- Installing: /home/louise/Development/wave_rover_gazebo_ws/install/wave_rover_gazebo/share/wave_rover_gazebo/environment/path.dsv
[0.930s] -- Installing: /home/louise/Development/wave_rover_gazebo_ws/install/wave_rover_gazebo/share/wave_rover_gazebo/local_setup.bash
[0.930s] -- Installing: /home/louise/Development/wave_rover_gazebo_ws/install/wave_rover_gazebo/share/wave_rover_gazebo/local_setup.sh
[0.930s] -- Installing: /home/louise/Development/wave_rover_gazebo_ws/install/wave_rover_gazebo/share/wave_rover_gazebo/local_setup.zsh
[0.930s] -- Installing: /home/louise/Development/wave_rover_gazebo_ws/install/wave_rover_gazebo/share/wave_rover_gazebo/local_setup.dsv
[0.930s] -- Installing: /home/louise/Development/wave_rover_gazebo_ws/install/wave_rover_gazebo/share/wave_rover_gazebo/package.dsv
[0.930s] -- Installing: /home/louise/Development/wave_rover_gazebo_ws/install/wave_rover_gazebo/share/ament_index/resource_index/packages/wave_rover_gazebo
[0.930s] -- Installing: /home/louise/Development/wave_rover_gazebo_ws/install/wave_rover_gazebo/share/wave_rover_gazebo/cmake/wave_rover_gazeboConfig.cmake
[0.930s] -- Installing: /home/louise/Development/wave_rover_gazebo_ws/install/wave_rover_gazebo/share/wave_rover_gazebo/cmake/wave_rover_gazeboConfig-version.cmake
[0.931s] -- Installing: /home/louise/Development/wave_rover_gazebo_ws/install/wave_rover_gazebo/share/wave_rover_gazebo/package.xml
[0.933s] Invoked command in '/home/louise/Development/wave_rover_gazebo_ws/build/wave_rover_gazebo' returned '0': CMAKE_PREFIX_PATH=${CMAKE_PREFIX_PATH}:/home/louise/Development/wave_rover_gazebo_ws/install/test_box_launch:/home/louise/Development/wave_rover_gazebo_ws/install/launch_sim:/opt/ros/humble /usr/bin/cmake --install /home/louise/Development/wave_rover_gazebo_ws/build/wave_rover_gazebo
