[0.407s] Invoking command in '/home/louise/Development/wave_rover_gazebo_ws/build/wave_rover_description': CMAKE_PREFIX_PATH=${CMAKE_PREFIX_PATH}:/home/louise/Development/wave_rover_gazebo_ws/install/test_box_launch:/home/louise/Development/wave_rover_gazebo_ws/install/launch_sim:/opt/ros/humble /usr/bin/cmake --build /home/louise/Development/wave_rover_gazebo_ws/build/wave_rover_description -- -j16 -l16
[0.460s] -- Found ament_cmake: 1.3.12 (/opt/ros/humble/share/ament_cmake/cmake)
[0.570s] -- Found ament_lint_auto: 0.12.14 (/opt/ros/humble/share/ament_lint_auto/cmake)
[0.665s] -- Added test 'flake8' to check Python code syntax and style conventions
[0.671s] -- Added test 'lint_cmake' to check CMake code style
[0.674s] -- Added test 'pep257' to check Python code against some of the docstring style conventions in PEP 257
[0.699s] -- Added test 'xmllint' to check XML markup files
[0.700s] -- Configuring done
[0.705s] -- Generating done
[0.706s] -- Build files have been written to: /home/louise/Development/wave_rover_gazebo_ws/build/wave_rover_description
[0.727s] Invoked command in '/home/louise/Development/wave_rover_gazebo_ws/build/wave_rover_description' returned '0': CMAKE_PREFIX_PATH=${CMAKE_PREFIX_PATH}:/home/louise/Development/wave_rover_gazebo_ws/install/test_box_launch:/home/louise/Development/wave_rover_gazebo_ws/install/launch_sim:/opt/ros/humble /usr/bin/cmake --build /home/louise/Development/wave_rover_gazebo_ws/build/wave_rover_description -- -j16 -l16
[0.728s] Invoking command in '/home/louise/Development/wave_rover_gazebo_ws/build/wave_rover_description': CMAKE_PREFIX_PATH=${CMAKE_PREFIX_PATH}:/home/louise/Development/wave_rover_gazebo_ws/install/test_box_launch:/home/louise/Development/wave_rover_gazebo_ws/install/launch_sim:/opt/ros/humble /usr/bin/cmake --install /home/louise/Development/wave_rover_gazebo_ws/build/wave_rover_description
[0.735s] -- Install configuration: ""
[0.735s] [31mCMake Error at cmake_install.cmake:46 (file):
[0.735s]   file INSTALL cannot find
[0.736s]   "/home/louise/Development/wave_rover_gazebo_ws/src/wave_rover_description/meshes":
[0.736s]   No such file or directory.
[0.736s] 
[0.736s] [0m
[0.737s] Invoked command in '/home/louise/Development/wave_rover_gazebo_ws/build/wave_rover_description' returned '1': CMAKE_PREFIX_PATH=${CMAKE_PREFIX_PATH}:/home/louise/Development/wave_rover_gazebo_ws/install/test_box_launch:/home/louise/Development/wave_rover_gazebo_ws/install/launch_sim:/opt/ros/humble /usr/bin/cmake --install /home/louise/Development/wave_rover_gazebo_ws/build/wave_rover_description
