[0.368s] Invoking command in '/home/louise/Development/wave_rover_gazebo_ws/build/wave_rover_gazebo': CMAKE_PREFIX_PATH=${CMAKE_PREFIX_PATH}:/home/louise/Development/wave_rover_gazebo_ws/install/test_box_launch:/home/louise/Development/wave_rover_gazebo_ws/install/launch_sim:/opt/ros/humble /usr/bin/cmake /home/louise/Development/wave_rover_gazebo_ws/src/wave_rover_gazebo -DCMAKE_INSTALL_PREFIX=/home/louise/Development/wave_rover_gazebo_ws/install/wave_rover_gazebo
[0.454s] -- The C compiler identification is GNU 11.4.0
[0.541s] -- The CXX compiler identification is GNU 11.4.0
[0.549s] -- Detecting C compiler ABI info
[0.607s] -- Detecting C compiler ABI info - done
[0.611s] -- Check for working C compiler: /usr/bin/cc - skipped
[0.612s] -- Detecting C compile features
[0.612s] -- Detecting C compile features - done
[0.615s] -- Detecting CXX compiler ABI info
[0.681s] -- Detecting CXX compiler ABI info - done
[0.686s] -- Check for working CXX compiler: /usr/bin/c++ - skipped
[0.686s] -- Detecting CXX compile features
[0.687s] -- Detecting CXX compile features - done
[0.689s] -- Found ament_cmake: 1.3.11 (/opt/ros/humble/share/ament_cmake/cmake)
[0.804s] -- Found Python3: /usr/bin/python3 (found version "3.10.12") found components: Interpreter 
[0.884s] -- Found ament_lint_auto: 0.12.12 (/opt/ros/humble/share/ament_lint_auto/cmake)
[0.946s] -- Added test 'lint_cmake' to check CMake code style
[0.947s] -- Added test 'xmllint' to check XML markup files
[0.948s] -- Configuring done
[0.950s] -- Generating done
[0.952s] -- Build files have been written to: /home/louise/Development/wave_rover_gazebo_ws/build/wave_rover_gazebo
[0.955s] Invoked command in '/home/louise/Development/wave_rover_gazebo_ws/build/wave_rover_gazebo' returned '0': CMAKE_PREFIX_PATH=${CMAKE_PREFIX_PATH}:/home/louise/Development/wave_rover_gazebo_ws/install/test_box_launch:/home/louise/Development/wave_rover_gazebo_ws/install/launch_sim:/opt/ros/humble /usr/bin/cmake /home/louise/Development/wave_rover_gazebo_ws/src/wave_rover_gazebo -DCMAKE_INSTALL_PREFIX=/home/louise/Development/wave_rover_gazebo_ws/install/wave_rover_gazebo
[0.957s] Invoking command in '/home/louise/Development/wave_rover_gazebo_ws/build/wave_rover_gazebo': CMAKE_PREFIX_PATH=${CMAKE_PREFIX_PATH}:/home/louise/Development/wave_rover_gazebo_ws/install/test_box_launch:/home/louise/Development/wave_rover_gazebo_ws/install/launch_sim:/opt/ros/humble /usr/bin/cmake --build /home/louise/Development/wave_rover_gazebo_ws/build/wave_rover_gazebo -- -j16 -l16
[0.990s] Invoked command in '/home/louise/Development/wave_rover_gazebo_ws/build/wave_rover_gazebo' returned '0': CMAKE_PREFIX_PATH=${CMAKE_PREFIX_PATH}:/home/louise/Development/wave_rover_gazebo_ws/install/test_box_launch:/home/louise/Development/wave_rover_gazebo_ws/install/launch_sim:/opt/ros/humble /usr/bin/cmake --build /home/louise/Development/wave_rover_gazebo_ws/build/wave_rover_gazebo -- -j16 -l16
[0.997s] Invoking command in '/home/louise/Development/wave_rover_gazebo_ws/build/wave_rover_gazebo': CMAKE_PREFIX_PATH=${CMAKE_PREFIX_PATH}:/home/louise/Development/wave_rover_gazebo_ws/install/test_box_launch:/home/louise/Development/wave_rover_gazebo_ws/install/launch_sim:/opt/ros/humble /usr/bin/cmake --install /home/louise/Development/wave_rover_gazebo_ws/build/wave_rover_gazebo
[1.005s] -- Install configuration: ""
[1.005s] -- Installing: /home/louise/Development/wave_rover_gazebo_ws/install/wave_rover_gazebo/share/ament_index/resource_index/package_run_dependencies/wave_rover_gazebo
[1.005s] -- Installing: /home/louise/Development/wave_rover_gazebo_ws/install/wave_rover_gazebo/share/ament_index/resource_index/parent_prefix_path/wave_rover_gazebo
[1.005s] -- Installing: /home/louise/Development/wave_rover_gazebo_ws/install/wave_rover_gazebo/share/wave_rover_gazebo/environment/ament_prefix_path.sh
[1.005s] -- Installing: /home/louise/Development/wave_rover_gazebo_ws/install/wave_rover_gazebo/share/wave_rover_gazebo/environment/ament_prefix_path.dsv
[1.005s] -- Installing: /home/louise/Development/wave_rover_gazebo_ws/install/wave_rover_gazebo/share/wave_rover_gazebo/environment/path.sh
[1.005s] -- Installing: /home/louise/Development/wave_rover_gazebo_ws/install/wave_rover_gazebo/share/wave_rover_gazebo/environment/path.dsv
[1.005s] -- Installing: /home/louise/Development/wave_rover_gazebo_ws/install/wave_rover_gazebo/share/wave_rover_gazebo/local_setup.bash
[1.006s] -- Installing: /home/louise/Development/wave_rover_gazebo_ws/install/wave_rover_gazebo/share/wave_rover_gazebo/local_setup.sh
[1.006s] -- Installing: /home/louise/Development/wave_rover_gazebo_ws/install/wave_rover_gazebo/share/wave_rover_gazebo/local_setup.zsh
[1.006s] -- Installing: /home/louise/Development/wave_rover_gazebo_ws/install/wave_rover_gazebo/share/wave_rover_gazebo/local_setup.dsv
[1.006s] -- Installing: /home/louise/Development/wave_rover_gazebo_ws/install/wave_rover_gazebo/share/wave_rover_gazebo/package.dsv
[1.006s] -- Installing: /home/louise/Development/wave_rover_gazebo_ws/install/wave_rover_gazebo/share/ament_index/resource_index/packages/wave_rover_gazebo
[1.006s] -- Installing: /home/louise/Development/wave_rover_gazebo_ws/install/wave_rover_gazebo/share/wave_rover_gazebo/cmake/wave_rover_gazeboConfig.cmake
[1.006s] -- Installing: /home/louise/Development/wave_rover_gazebo_ws/install/wave_rover_gazebo/share/wave_rover_gazebo/cmake/wave_rover_gazeboConfig-version.cmake
[1.006s] -- Installing: /home/louise/Development/wave_rover_gazebo_ws/install/wave_rover_gazebo/share/wave_rover_gazebo/package.xml
[1.009s] Invoked command in '/home/louise/Development/wave_rover_gazebo_ws/build/wave_rover_gazebo' returned '0': CMAKE_PREFIX_PATH=${CMAKE_PREFIX_PATH}:/home/louise/Development/wave_rover_gazebo_ws/install/test_box_launch:/home/louise/Development/wave_rover_gazebo_ws/install/launch_sim:/opt/ros/humble /usr/bin/cmake --install /home/louise/Development/wave_rover_gazebo_ws/build/wave_rover_gazebo
